2025/03/28 23:35:47 Error Log : Event: unsupported relations for schema ProblemSet
